  Determining projects to restore...
  All projects are up-to-date for restore.
C:\Users\RUKN AL BAB\Documents\Homework\cse210-hw\week01\Exercise3\Program.cs(5,1): error CS8300: Merge conflict marker encountered [C:\Users\RUKN AL BAB\Documents\Homework\cse210-hw\week01\Exercise3\Exercise3.csproj]
C:\Users\RUKN AL BAB\Documents\Homework\cse210-hw\week01\Exercise2\Program.cs(5,1): error CS8300: Merge conflict marker encountered [C:\Users\RUKN AL BAB\Documents\Homework\cse210-hw\week01\Exercise2\Exercise2.csproj]
C:\Users\RUKN AL BAB\Documents\Homework\cse210-hw\week01\Exercise2\Program.cs(11,1): error CS8300: Merge conflict marker encountered [C:\Users\RUKN AL BAB\Documents\Homework\cse210-hw\week01\Exercise2\Exercise2.csproj]
C:\Users\RUKN AL BAB\Documents\Homework\cse210-hw\week01\Exercise3\Program.cs(11,1): error CS8300: Merge conflict marker encountered [C:\Users\RUKN AL BAB\Documents\Homework\cse210-hw\week01\Exercise3\Exercise3.csproj]
C:\Users\RUKN AL BAB\Documents\Homework\cse210-hw\week01\Exercise2\Program.cs(79,1): error CS8300: Merge conflict marker encountered [C:\Users\RUKN AL BAB\Documents\Homework\cse210-hw\week01\Exercise2\Exercise2.csproj]
C:\Users\RUKN AL BAB\Documents\Homework\cse210-hw\week01\Exercise3\Program.cs(63,1): error CS8300: Merge conflict marker encountered [C:\Users\RUKN AL BAB\Documents\Homework\cse210-hw\week01\Exercise3\Exercise3.csproj]
C:\Users\RUKN AL BAB\Documents\Homework\cse210-hw\week01\Exercise4\Program.cs(2,1): error CS8300: Merge conflict marker encountered [C:\Users\RUKN AL BAB\Documents\Homework\cse210-hw\week01\Exercise4\Exercise4.csproj]
C:\Users\RUKN AL BAB\Documents\Homework\cse210-hw\week01\Exercise4\Program.cs(11,1): error CS8300: Merge conflict marker encountered [C:\Users\RUKN AL BAB\Documents\Homework\cse210-hw\week01\Exercise4\Exercise4.csproj]
C:\Users\RUKN AL BAB\Documents\Homework\cse210-hw\week01\Exercise4\Program.cs(92,1): error CS8300: Merge conflict marker encountered [C:\Users\RUKN AL BAB\Documents\Homework\cse210-hw\week01\Exercise4\Exercise4.csproj]
  Shapes -> C:\Users\RUKN AL BAB\Documents\Homework\cse210-hw\week06\Shapes\bin\Debug\net8.0\Shapes.dll
  ExerciseTracking -> C:\Users\RUKN AL BAB\Documents\Homework\cse210-hw\week07\ExerciseTracking\bin\Debug\net8.0\ExerciseTracking.dll
C:\Users\RUKN AL BAB\Documents\Homework\cse210-hw\week01\Exercise1\Program.cs(7,9): error CS0246: The type or namespace name 'Journal' could not be found (are you missing a using directive or an assembly reference?) [C:\Users\RUKN AL BAB\Documents\Homework\cse210-hw\week01\Exercise1\Exercise1.csproj]
C:\Users\RUKN AL BAB\Documents\Homework\cse210-hw\week01\Exercise1\Program.cs(7,31): error CS0246: The type or namespace name 'Journal' could not be found (are you missing a using directive or an assembly reference?) [C:\Users\RUKN AL BAB\Documents\Homework\cse210-hw\week01\Exercise1\Exercise1.csproj]
C:\Users\RUKN AL BAB\Documents\Homework\cse210-hw\week01\Exercise1\Program.cs(33,42): error CS0246: The type or namespace name 'Entry' could not be found (are you missing a using directive or an assembly reference?) [C:\Users\RUKN AL BAB\Documents\Homework\cse210-hw\week01\Exercise1\Exercise1.csproj]
C:\Users\RUKN AL BAB\Documents\Homework\cse210-hw\week06\EternalQuest\Program.cs(73,14): error CS0101: The namespace '<global namespace>' already contains a definition for 'ChecklistGoal' [C:\Users\RUKN AL BAB\Documents\Homework\cse210-hw\week06\EternalQuest\EternalQuest.csproj]
C:\Users\RUKN AL BAB\Documents\Homework\cse210-hw\week06\EternalQuest\Program.cs(53,14): error CS0101: The namespace '<global namespace>' already contains a definition for 'EternalGoal' [C:\Users\RUKN AL BAB\Documents\Homework\cse210-hw\week06\EternalQuest\EternalQuest.csproj]
  Sandbox -> C:\Users\RUKN AL BAB\Documents\Homework\cse210-hw\sandbox\Sandbox\bin\Debug\net8.0\Sandbox.dll
C:\Users\RUKN AL BAB\Documents\Homework\cse210-hw\week06\EternalQuest\Program.cs(5,23): error CS0101: The namespace '<global namespace>' already contains a definition for 'Goal' [C:\Users\RUKN AL BAB\Documents\Homework\cse210-hw\week06\EternalQuest\EternalQuest.csproj]
C:\Users\RUKN AL BAB\Documents\Homework\cse210-hw\week06\EternalQuest\SimpleGoal.cs(1,14): error CS0101: The namespace '<global namespace>' already contains a definition for 'SimpleGoal' [C:\Users\RUKN AL BAB\Documents\Homework\cse210-hw\week06\EternalQuest\EternalQuest.csproj]
C:\Users\RUKN AL BAB\Documents\Homework\cse210-hw\week06\EternalQuest\ChecklistGoal.cs(1,14): error CS0534: 'ChecklistGoal' does not implement inherited abstract member 'Goal.GetStatus()' [C:\Users\RUKN AL BAB\Documents\Homework\cse210-hw\week06\EternalQuest\EternalQuest.csproj]
C:\Users\RUKN AL BAB\Documents\Homework\cse210-hw\week06\EternalQuest\ChecklistGoal.cs(1,14): error CS0534: 'ChecklistGoal' does not implement inherited abstract member 'Goal.IsComplete()' [C:\Users\RUKN AL BAB\Documents\Homework\cse210-hw\week06\EternalQuest\EternalQuest.csproj]
C:\Users\RUKN AL BAB\Documents\Homework\cse210-hw\week06\EternalQuest\ChecklistGoal.cs(1,14): error CS0534: 'ChecklistGoal' does not implement inherited abstract member 'Goal.RecordEvent()' [C:\Users\RUKN AL BAB\Documents\Homework\cse210-hw\week06\EternalQuest\EternalQuest.csproj]
C:\Users\RUKN AL BAB\Documents\Homework\cse210-hw\week06\EternalQuest\ChecklistGoal.cs(1,14): error CS0534: 'ChecklistGoal' does not implement inherited abstract member 'Goal.GetSaveData()' [C:\Users\RUKN AL BAB\Documents\Homework\cse210-hw\week06\EternalQuest\EternalQuest.csproj]
C:\Users\RUKN AL BAB\Documents\Homework\cse210-hw\week06\EternalQuest\Program.cs(79,12): error CS0111: Type 'ChecklistGoal' already defines a member called 'ChecklistGoal' with the same parameter types [C:\Users\RUKN AL BAB\Documents\Homework\cse210-hw\week06\EternalQuest\EternalQuest.csproj]
C:\Users\RUKN AL BAB\Documents\Homework\cse210-hw\week06\EternalQuest\Program.cs(87,26): error CS0111: Type 'ChecklistGoal' already defines a member called 'RecordEvent' with the same parameter types [C:\Users\RUKN AL BAB\Documents\Homework\cse210-hw\week06\EternalQuest\EternalQuest.csproj]
C:\Users\RUKN AL BAB\Documents\Homework\cse210-hw\week06\EternalQuest\Program.cs(95,26): error CS0111: Type 'ChecklistGoal' already defines a member called 'IsComplete' with the same parameter types [C:\Users\RUKN AL BAB\Documents\Homework\cse210-hw\week06\EternalQuest\EternalQuest.csproj]
C:\Users\RUKN AL BAB\Documents\Homework\cse210-hw\week06\EternalQuest\Program.cs(97,28): error CS0111: Type 'ChecklistGoal' already defines a member called 'GetStatus' with the same parameter types [C:\Users\RUKN AL BAB\Documents\Homework\cse210-hw\week06\EternalQuest\EternalQuest.csproj]
C:\Users\RUKN AL BAB\Documents\Homework\cse210-hw\week06\EternalQuest\Program.cs(100,28): error CS0111: Type 'ChecklistGoal' already defines a member called 'GetSaveData' with the same parameter types [C:\Users\RUKN AL BAB\Documents\Homework\cse210-hw\week06\EternalQuest\EternalQuest.csproj]
C:\Users\RUKN AL BAB\Documents\Homework\cse210-hw\week06\EternalQuest\Program.cs(103,25): error CS0111: Type 'ChecklistGoal' already defines a member called 'GetPoints' with the same parameter types [C:\Users\RUKN AL BAB\Documents\Homework\cse210-hw\week06\EternalQuest\EternalQuest.csproj]
C:\Users\RUKN AL BAB\Documents\Homework\cse210-hw\week06\EternalQuest\EternalGoal.cs(1,14): error CS0534: 'EternalGoal' does not implement inherited abstract member 'Goal.GetStatus()' [C:\Users\RUKN AL BAB\Documents\Homework\cse210-hw\week06\EternalQuest\EternalQuest.csproj]
C:\Users\RUKN AL BAB\Documents\Homework\cse210-hw\week06\EternalQuest\EternalGoal.cs(1,14): error CS0534: 'EternalGoal' does not implement inherited abstract member 'Goal.IsComplete()' [C:\Users\RUKN AL BAB\Documents\Homework\cse210-hw\week06\EternalQuest\EternalQuest.csproj]
C:\Users\RUKN AL BAB\Documents\Homework\cse210-hw\week06\EternalQuest\EternalGoal.cs(1,14): error CS0534: 'EternalGoal' does not implement inherited abstract member 'Goal.RecordEvent()' [C:\Users\RUKN AL BAB\Documents\Homework\cse210-hw\week06\EternalQuest\EternalQuest.csproj]
C:\Users\RUKN AL BAB\Documents\Homework\cse210-hw\week06\EternalQuest\EternalGoal.cs(1,14): error CS0534: 'EternalGoal' does not implement inherited abstract member 'Goal.GetSaveData()' [C:\Users\RUKN AL BAB\Documents\Homework\cse210-hw\week06\EternalQuest\EternalQuest.csproj]
C:\Users\RUKN AL BAB\Documents\Homework\cse210-hw\week06\EternalQuest\Program.cs(55,12): error CS0111: Type 'EternalGoal' already defines a member called 'EternalGoal' with the same parameter types [C:\Users\RUKN AL BAB\Documents\Homework\cse210-hw\week06\EternalQuest\EternalQuest.csproj]
C:\Users\RUKN AL BAB\Documents\Homework\cse210-hw\week06\EternalQuest\Program.cs(59,26): error CS0111: Type 'EternalGoal' already defines a member called 'RecordEvent' with the same parameter types [C:\Users\RUKN AL BAB\Documents\Homework\cse210-hw\week06\EternalQuest\EternalQuest.csproj]
C:\Users\RUKN AL BAB\Documents\Homework\cse210-hw\week06\EternalQuest\Program.cs(64,26): error CS0111: Type 'EternalGoal' already defines a member called 'IsComplete' with the same parameter types [C:\Users\RUKN AL BAB\Documents\Homework\cse210-hw\week06\EternalQuest\EternalQuest.csproj]
C:\Users\RUKN AL BAB\Documents\Homework\cse210-hw\week06\EternalQuest\Program.cs(66,28): error CS0111: Type 'EternalGoal' already defines a member called 'GetStatus' with the same parameter types [C:\Users\RUKN AL BAB\Documents\Homework\cse210-hw\week06\EternalQuest\EternalQuest.csproj]
C:\Users\RUKN AL BAB\Documents\Homework\cse210-hw\week06\EternalQuest\Program.cs(68,28): error CS0111: Type 'EternalGoal' already defines a member called 'GetSaveData' with the same parameter types [C:\Users\RUKN AL BAB\Documents\Homework\cse210-hw\week06\EternalQuest\EternalQuest.csproj]
C:\Users\RUKN AL BAB\Documents\Homework\cse210-hw\week06\EternalQuest\Program.cs(11,12): error CS0111: Type 'Goal' already defines a member called 'Goal' with the same parameter types [C:\Users\RUKN AL BAB\Documents\Homework\cse210-hw\week06\EternalQuest\EternalQuest.csproj]
C:\Users\RUKN AL BAB\Documents\Homework\cse210-hw\week06\EternalQuest\Program.cs(18,26): error CS0111: Type 'Goal' already defines a member called 'RecordEvent' with the same parameter types [C:\Users\RUKN AL BAB\Documents\Homework\cse210-hw\week06\EternalQuest\EternalQuest.csproj]
C:\Users\RUKN AL BAB\Documents\Homework\cse210-hw\week06\EternalQuest\Program.cs(19,26): error CS0111: Type 'Goal' already defines a member called 'IsComplete' with the same parameter types [C:\Users\RUKN AL BAB\Documents\Homework\cse210-hw\week06\EternalQuest\EternalQuest.csproj]
C:\Users\RUKN AL BAB\Documents\Homework\cse210-hw\week06\EternalQuest\Program.cs(20,28): error CS0111: Type 'Goal' already defines a member called 'GetStatus' with the same parameter types [C:\Users\RUKN AL BAB\Documents\Homework\cse210-hw\week06\EternalQuest\EternalQuest.csproj]
C:\Users\RUKN AL BAB\Documents\Homework\cse210-hw\week06\EternalQuest\Program.cs(21,28): error CS0111: Type 'Goal' already defines a member called 'GetSaveData' with the same parameter types [C:\Users\RUKN AL BAB\Documents\Homework\cse210-hw\week06\EternalQuest\EternalQuest.csproj]
C:\Users\RUKN AL BAB\Documents\Homework\cse210-hw\week06\EternalQuest\Program.cs(23,24): error CS0111: Type 'Goal' already defines a member called 'GetPoints' with the same parameter types [C:\Users\RUKN AL BAB\Documents\Homework\cse210-hw\week06\EternalQuest\EternalQuest.csproj]
C:\Users\RUKN AL BAB\Documents\Homework\cse210-hw\week06\EternalQuest\Program.cs(25,28): error CS0111: Type 'Goal' already defines a member called 'ToString' with the same parameter types [C:\Users\RUKN AL BAB\Documents\Homework\cse210-hw\week06\EternalQuest\EternalQuest.csproj]
C:\Users\RUKN AL BAB\Documents\Homework\cse210-hw\week06\EternalQuest\Program.cs(29,14): error CS0534: 'SimpleGoal' does not implement inherited abstract member 'Goal.GetStatus()' [C:\Users\RUKN AL BAB\Documents\Homework\cse210-hw\week06\EternalQuest\EternalQuest.csproj]
C:\Users\RUKN AL BAB\Documents\Homework\cse210-hw\week06\EternalQuest\Program.cs(29,14): error CS0534: 'SimpleGoal' does not implement inherited abstract member 'Goal.IsComplete()' [C:\Users\RUKN AL BAB\Documents\Homework\cse210-hw\week06\EternalQuest\EternalQuest.csproj]
C:\Users\RUKN AL BAB\Documents\Homework\cse210-hw\week06\EternalQuest\Program.cs(29,14): error CS0534: 'SimpleGoal' does not implement inherited abstract member 'Goal.RecordEvent()' [C:\Users\RUKN AL BAB\Documents\Homework\cse210-hw\week06\EternalQuest\EternalQuest.csproj]
C:\Users\RUKN AL BAB\Documents\Homework\cse210-hw\week06\EternalQuest\Program.cs(29,14): error CS0534: 'SimpleGoal' does not implement inherited abstract member 'Goal.GetSaveData()' [C:\Users\RUKN AL BAB\Documents\Homework\cse210-hw\week06\EternalQuest\EternalQuest.csproj]
C:\Users\RUKN AL BAB\Documents\Homework\cse210-hw\week06\EternalQuest\SimpleGoal.cs(5,12): error CS0111: Type 'SimpleGoal' already defines a member called 'SimpleGoal' with the same parameter types [C:\Users\RUKN AL BAB\Documents\Homework\cse210-hw\week06\EternalQuest\EternalQuest.csproj]
C:\Users\RUKN AL BAB\Documents\Homework\cse210-hw\week06\EternalQuest\SimpleGoal.cs(11,26): error CS0111: Type 'SimpleGoal' already defines a member called 'RecordEvent' with the same parameter types [C:\Users\RUKN AL BAB\Documents\Homework\cse210-hw\week06\EternalQuest\EternalQuest.csproj]
C:\Users\RUKN AL BAB\Documents\Homework\cse210-hw\week06\EternalQuest\SimpleGoal.cs(16,26): error CS0111: Type 'SimpleGoal' already defines a member called 'IsComplete' with the same parameter types [C:\Users\RUKN AL BAB\Documents\Homework\cse210-hw\week06\EternalQuest\EternalQuest.csproj]
C:\Users\RUKN AL BAB\Documents\Homework\cse210-hw\week06\EternalQuest\SimpleGoal.cs(18,28): error CS0111: Type 'SimpleGoal' already defines a member called 'GetStatus' with the same parameter types [C:\Users\RUKN AL BAB\Documents\Homework\cse210-hw\week06\EternalQuest\EternalQuest.csproj]
C:\Users\RUKN AL BAB\Documents\Homework\cse210-hw\week06\EternalQuest\SimpleGoal.cs(20,28): error CS0111: Type 'SimpleGoal' already defines a member called 'GetSaveData' with the same parameter types [C:\Users\RUKN AL BAB\Documents\Homework\cse210-hw\week06\EternalQuest\EternalQuest.csproj]
  Homework -> C:\Users\RUKN AL BAB\Documents\Homework\cse210-hw\week05\Homework\bin\Debug\net8.0\Homework.dll
  Journal -> C:\Users\RUKN AL BAB\Documents\Homework\cse210-hw\week02\Journal\bin\Debug\net8.0\Journal.dll
  Resumes -> C:\Users\RUKN AL BAB\Documents\Homework\cse210-hw\week02\Resumes\bin\Debug\net8.0\Resumes.dll
  ScriptureMemorizer -> C:\Users\RUKN AL BAB\Documents\Homework\cse210-hw\week03\ScriptureMemorizer\bin\Debug\net8.0\ScriptureMemorizer.dll
C:\Users\RUKN AL BAB\Documents\Homework\cse210-hw\week01\Exercise5\Program.cs(5,1): error CS8300: Merge conflict marker encountered [C:\Users\RUKN AL BAB\Documents\Homework\cse210-hw\week01\Exercise5\Exercise5.csproj]
C:\Users\RUKN AL BAB\Documents\Homework\cse210-hw\week01\Exercise5\Program.cs(11,1): error CS8300: Merge conflict marker encountered [C:\Users\RUKN AL BAB\Documents\Homework\cse210-hw\week01\Exercise5\Exercise5.csproj]
C:\Users\RUKN AL BAB\Documents\Homework\cse210-hw\week01\Exercise5\Program.cs(61,1): error CS8300: Merge conflict marker encountered [C:\Users\RUKN AL BAB\Documents\Homework\cse210-hw\week01\Exercise5\Exercise5.csproj]
  Fractions -> C:\Users\RUKN AL BAB\Documents\Homework\cse210-hw\week03\Fractions\bin\Debug\net8.0\Fractions.dll
  YouTubeVideos -> C:\Users\RUKN AL BAB\Documents\Homework\cse210-hw\week04\YouTubeVideos\bin\Debug\net8.0\YouTubeVideos.dll
C:\Users\RUKN AL BAB\Documents\Homework\cse210-hw\week05\Mindfulness\week01\Exercise2\Program.cs(5,1): error CS8300: Merge conflict marker encountered [C:\Users\RUKN AL BAB\Documents\Homework\cse210-hw\week05\Mindfulness\Mindfulness.csproj]
C:\Users\RUKN AL BAB\Documents\Homework\cse210-hw\week05\Mindfulness\week01\Exercise2\Program.cs(11,1): error CS8300: Merge conflict marker encountered [C:\Users\RUKN AL BAB\Documents\Homework\cse210-hw\week05\Mindfulness\Mindfulness.csproj]
C:\Users\RUKN AL BAB\Documents\Homework\cse210-hw\week05\Mindfulness\week01\Exercise2\Program.cs(79,1): error CS8300: Merge conflict marker encountered [C:\Users\RUKN AL BAB\Documents\Homework\cse210-hw\week05\Mindfulness\Mindfulness.csproj]
C:\Users\RUKN AL BAB\Documents\Homework\cse210-hw\week05\Mindfulness\week01\Exercise3\Program.cs(5,1): error CS8300: Merge conflict marker encountered [C:\Users\RUKN AL BAB\Documents\Homework\cse210-hw\week05\Mindfulness\Mindfulness.csproj]
C:\Users\RUKN AL BAB\Documents\Homework\cse210-hw\week05\Mindfulness\week01\Exercise3\Program.cs(11,1): error CS8300: Merge conflict marker encountered [C:\Users\RUKN AL BAB\Documents\Homework\cse210-hw\week05\Mindfulness\Mindfulness.csproj]
C:\Users\RUKN AL BAB\Documents\Homework\cse210-hw\week05\Mindfulness\week01\Exercise3\Program.cs(63,1): error CS8300: Merge conflict marker encountered [C:\Users\RUKN AL BAB\Documents\Homework\cse210-hw\week05\Mindfulness\Mindfulness.csproj]
C:\Users\RUKN AL BAB\Documents\Homework\cse210-hw\week05\Mindfulness\week01\Exercise4\Program.cs(2,1): error CS8300: Merge conflict marker encountered [C:\Users\RUKN AL BAB\Documents\Homework\cse210-hw\week05\Mindfulness\Mindfulness.csproj]
C:\Users\RUKN AL BAB\Documents\Homework\cse210-hw\week05\Mindfulness\week01\Exercise4\Program.cs(11,1): error CS8300: Merge conflict marker encountered [C:\Users\RUKN AL BAB\Documents\Homework\cse210-hw\week05\Mindfulness\Mindfulness.csproj]
C:\Users\RUKN AL BAB\Documents\Homework\cse210-hw\week05\Mindfulness\week01\Exercise4\Program.cs(92,1): error CS8300: Merge conflict marker encountered [C:\Users\RUKN AL BAB\Documents\Homework\cse210-hw\week05\Mindfulness\Mindfulness.csproj]
C:\Users\RUKN AL BAB\Documents\Homework\cse210-hw\week05\Mindfulness\week01\Exercise5\Program.cs(5,1): error CS8300: Merge conflict marker encountered [C:\Users\RUKN AL BAB\Documents\Homework\cse210-hw\week05\Mindfulness\Mindfulness.csproj]
C:\Users\RUKN AL BAB\Documents\Homework\cse210-hw\week05\Mindfulness\week01\Exercise5\Program.cs(11,1): error CS8300: Merge conflict marker encountered [C:\Users\RUKN AL BAB\Documents\Homework\cse210-hw\week05\Mindfulness\Mindfulness.csproj]
C:\Users\RUKN AL BAB\Documents\Homework\cse210-hw\week05\Mindfulness\week01\Exercise5\Program.cs(61,1): error CS8300: Merge conflict marker encountered [C:\Users\RUKN AL BAB\Documents\Homework\cse210-hw\week05\Mindfulness\Mindfulness.csproj]
  OnlineOrdering -> C:\Users\RUKN AL BAB\Documents\Homework\cse210-hw\week04\OnlineOrdering\bin\Debug\net8.0\OnlineOrdering.dll

Build FAILED.

C:\Users\RUKN AL BAB\Documents\Homework\cse210-hw\week01\Exercise3\Program.cs(5,1): error CS8300: Merge conflict marker encountered [C:\Users\RUKN AL BAB\Documents\Homework\cse210-hw\week01\Exercise3\Exercise3.csproj]
C:\Users\RUKN AL BAB\Documents\Homework\cse210-hw\week01\Exercise2\Program.cs(5,1): error CS8300: Merge conflict marker encountered [C:\Users\RUKN AL BAB\Documents\Homework\cse210-hw\week01\Exercise2\Exercise2.csproj]
C:\Users\RUKN AL BAB\Documents\Homework\cse210-hw\week01\Exercise2\Program.cs(11,1): error CS8300: Merge conflict marker encountered [C:\Users\RUKN AL BAB\Documents\Homework\cse210-hw\week01\Exercise2\Exercise2.csproj]
C:\Users\RUKN AL BAB\Documents\Homework\cse210-hw\week01\Exercise3\Program.cs(11,1): error CS8300: Merge conflict marker encountered [C:\Users\RUKN AL BAB\Documents\Homework\cse210-hw\week01\Exercise3\Exercise3.csproj]
C:\Users\RUKN AL BAB\Documents\Homework\cse210-hw\week01\Exercise2\Program.cs(79,1): error CS8300: Merge conflict marker encountered [C:\Users\RUKN AL BAB\Documents\Homework\cse210-hw\week01\Exercise2\Exercise2.csproj]
C:\Users\RUKN AL BAB\Documents\Homework\cse210-hw\week01\Exercise3\Program.cs(63,1): error CS8300: Merge conflict marker encountered [C:\Users\RUKN AL BAB\Documents\Homework\cse210-hw\week01\Exercise3\Exercise3.csproj]
C:\Users\RUKN AL BAB\Documents\Homework\cse210-hw\week01\Exercise4\Program.cs(2,1): error CS8300: Merge conflict marker encountered [C:\Users\RUKN AL BAB\Documents\Homework\cse210-hw\week01\Exercise4\Exercise4.csproj]
C:\Users\RUKN AL BAB\Documents\Homework\cse210-hw\week01\Exercise4\Program.cs(11,1): error CS8300: Merge conflict marker encountered [C:\Users\RUKN AL BAB\Documents\Homework\cse210-hw\week01\Exercise4\Exercise4.csproj]
C:\Users\RUKN AL BAB\Documents\Homework\cse210-hw\week01\Exercise4\Program.cs(92,1): error CS8300: Merge conflict marker encountered [C:\Users\RUKN AL BAB\Documents\Homework\cse210-hw\week01\Exercise4\Exercise4.csproj]
C:\Users\RUKN AL BAB\Documents\Homework\cse210-hw\week01\Exercise1\Program.cs(7,9): error CS0246: The type or namespace name 'Journal' could not be found (are you missing a using directive or an assembly reference?) [C:\Users\RUKN AL BAB\Documents\Homework\cse210-hw\week01\Exercise1\Exercise1.csproj]
C:\Users\RUKN AL BAB\Documents\Homework\cse210-hw\week01\Exercise1\Program.cs(7,31): error CS0246: The type or namespace name 'Journal' could not be found (are you missing a using directive or an assembly reference?) [C:\Users\RUKN AL BAB\Documents\Homework\cse210-hw\week01\Exercise1\Exercise1.csproj]
C:\Users\RUKN AL BAB\Documents\Homework\cse210-hw\week01\Exercise1\Program.cs(33,42): error CS0246: The type or namespace name 'Entry' could not be found (are you missing a using directive or an assembly reference?) [C:\Users\RUKN AL BAB\Documents\Homework\cse210-hw\week01\Exercise1\Exercise1.csproj]
C:\Users\RUKN AL BAB\Documents\Homework\cse210-hw\week06\EternalQuest\Program.cs(73,14): error CS0101: The namespace '<global namespace>' already contains a definition for 'ChecklistGoal' [C:\Users\RUKN AL BAB\Documents\Homework\cse210-hw\week06\EternalQuest\EternalQuest.csproj]
C:\Users\RUKN AL BAB\Documents\Homework\cse210-hw\week06\EternalQuest\Program.cs(53,14): error CS0101: The namespace '<global namespace>' already contains a definition for 'EternalGoal' [C:\Users\RUKN AL BAB\Documents\Homework\cse210-hw\week06\EternalQuest\EternalQuest.csproj]
C:\Users\RUKN AL BAB\Documents\Homework\cse210-hw\week06\EternalQuest\Program.cs(5,23): error CS0101: The namespace '<global namespace>' already contains a definition for 'Goal' [C:\Users\RUKN AL BAB\Documents\Homework\cse210-hw\week06\EternalQuest\EternalQuest.csproj]
C:\Users\RUKN AL BAB\Documents\Homework\cse210-hw\week06\EternalQuest\SimpleGoal.cs(1,14): error CS0101: The namespace '<global namespace>' already contains a definition for 'SimpleGoal' [C:\Users\RUKN AL BAB\Documents\Homework\cse210-hw\week06\EternalQuest\EternalQuest.csproj]
C:\Users\RUKN AL BAB\Documents\Homework\cse210-hw\week06\EternalQuest\ChecklistGoal.cs(1,14): error CS0534: 'ChecklistGoal' does not implement inherited abstract member 'Goal.GetStatus()' [C:\Users\RUKN AL BAB\Documents\Homework\cse210-hw\week06\EternalQuest\EternalQuest.csproj]
C:\Users\RUKN AL BAB\Documents\Homework\cse210-hw\week06\EternalQuest\ChecklistGoal.cs(1,14): error CS0534: 'ChecklistGoal' does not implement inherited abstract member 'Goal.IsComplete()' [C:\Users\RUKN AL BAB\Documents\Homework\cse210-hw\week06\EternalQuest\EternalQuest.csproj]
C:\Users\RUKN AL BAB\Documents\Homework\cse210-hw\week06\EternalQuest\ChecklistGoal.cs(1,14): error CS0534: 'ChecklistGoal' does not implement inherited abstract member 'Goal.RecordEvent()' [C:\Users\RUKN AL BAB\Documents\Homework\cse210-hw\week06\EternalQuest\EternalQuest.csproj]
C:\Users\RUKN AL BAB\Documents\Homework\cse210-hw\week06\EternalQuest\ChecklistGoal.cs(1,14): error CS0534: 'ChecklistGoal' does not implement inherited abstract member 'Goal.GetSaveData()' [C:\Users\RUKN AL BAB\Documents\Homework\cse210-hw\week06\EternalQuest\EternalQuest.csproj]
C:\Users\RUKN AL BAB\Documents\Homework\cse210-hw\week06\EternalQuest\Program.cs(79,12): error CS0111: Type 'ChecklistGoal' already defines a member called 'ChecklistGoal' with the same parameter types [C:\Users\RUKN AL BAB\Documents\Homework\cse210-hw\week06\EternalQuest\EternalQuest.csproj]
C:\Users\RUKN AL BAB\Documents\Homework\cse210-hw\week06\EternalQuest\Program.cs(87,26): error CS0111: Type 'ChecklistGoal' already defines a member called 'RecordEvent' with the same parameter types [C:\Users\RUKN AL BAB\Documents\Homework\cse210-hw\week06\EternalQuest\EternalQuest.csproj]
C:\Users\RUKN AL BAB\Documents\Homework\cse210-hw\week06\EternalQuest\Program.cs(95,26): error CS0111: Type 'ChecklistGoal' already defines a member called 'IsComplete' with the same parameter types [C:\Users\RUKN AL BAB\Documents\Homework\cse210-hw\week06\EternalQuest\EternalQuest.csproj]
C:\Users\RUKN AL BAB\Documents\Homework\cse210-hw\week06\EternalQuest\Program.cs(97,28): error CS0111: Type 'ChecklistGoal' already defines a member called 'GetStatus' with the same parameter types [C:\Users\RUKN AL BAB\Documents\Homework\cse210-hw\week06\EternalQuest\EternalQuest.csproj]
C:\Users\RUKN AL BAB\Documents\Homework\cse210-hw\week06\EternalQuest\Program.cs(100,28): error CS0111: Type 'ChecklistGoal' already defines a member called 'GetSaveData' with the same parameter types [C:\Users\RUKN AL BAB\Documents\Homework\cse210-hw\week06\EternalQuest\EternalQuest.csproj]
C:\Users\RUKN AL BAB\Documents\Homework\cse210-hw\week06\EternalQuest\Program.cs(103,25): error CS0111: Type 'ChecklistGoal' already defines a member called 'GetPoints' with the same parameter types [C:\Users\RUKN AL BAB\Documents\Homework\cse210-hw\week06\EternalQuest\EternalQuest.csproj]
C:\Users\RUKN AL BAB\Documents\Homework\cse210-hw\week06\EternalQuest\EternalGoal.cs(1,14): error CS0534: 'EternalGoal' does not implement inherited abstract member 'Goal.GetStatus()' [C:\Users\RUKN AL BAB\Documents\Homework\cse210-hw\week06\EternalQuest\EternalQuest.csproj]
C:\Users\RUKN AL BAB\Documents\Homework\cse210-hw\week06\EternalQuest\EternalGoal.cs(1,14): error CS0534: 'EternalGoal' does not implement inherited abstract member 'Goal.IsComplete()' [C:\Users\RUKN AL BAB\Documents\Homework\cse210-hw\week06\EternalQuest\EternalQuest.csproj]
C:\Users\RUKN AL BAB\Documents\Homework\cse210-hw\week06\EternalQuest\EternalGoal.cs(1,14): error CS0534: 'EternalGoal' does not implement inherited abstract member 'Goal.RecordEvent()' [C:\Users\RUKN AL BAB\Documents\Homework\cse210-hw\week06\EternalQuest\EternalQuest.csproj]
C:\Users\RUKN AL BAB\Documents\Homework\cse210-hw\week06\EternalQuest\EternalGoal.cs(1,14): error CS0534: 'EternalGoal' does not implement inherited abstract member 'Goal.GetSaveData()' [C:\Users\RUKN AL BAB\Documents\Homework\cse210-hw\week06\EternalQuest\EternalQuest.csproj]
C:\Users\RUKN AL BAB\Documents\Homework\cse210-hw\week06\EternalQuest\Program.cs(55,12): error CS0111: Type 'EternalGoal' already defines a member called 'EternalGoal' with the same parameter types [C:\Users\RUKN AL BAB\Documents\Homework\cse210-hw\week06\EternalQuest\EternalQuest.csproj]
C:\Users\RUKN AL BAB\Documents\Homework\cse210-hw\week06\EternalQuest\Program.cs(59,26): error CS0111: Type 'EternalGoal' already defines a member called 'RecordEvent' with the same parameter types [C:\Users\RUKN AL BAB\Documents\Homework\cse210-hw\week06\EternalQuest\EternalQuest.csproj]
C:\Users\RUKN AL BAB\Documents\Homework\cse210-hw\week06\EternalQuest\Program.cs(64,26): error CS0111: Type 'EternalGoal' already defines a member called 'IsComplete' with the same parameter types [C:\Users\RUKN AL BAB\Documents\Homework\cse210-hw\week06\EternalQuest\EternalQuest.csproj]
C:\Users\RUKN AL BAB\Documents\Homework\cse210-hw\week06\EternalQuest\Program.cs(66,28): error CS0111: Type 'EternalGoal' already defines a member called 'GetStatus' with the same parameter types [C:\Users\RUKN AL BAB\Documents\Homework\cse210-hw\week06\EternalQuest\EternalQuest.csproj]
C:\Users\RUKN AL BAB\Documents\Homework\cse210-hw\week06\EternalQuest\Program.cs(68,28): error CS0111: Type 'EternalGoal' already defines a member called 'GetSaveData' with the same parameter types [C:\Users\RUKN AL BAB\Documents\Homework\cse210-hw\week06\EternalQuest\EternalQuest.csproj]
C:\Users\RUKN AL BAB\Documents\Homework\cse210-hw\week06\EternalQuest\Program.cs(11,12): error CS0111: Type 'Goal' already defines a member called 'Goal' with the same parameter types [C:\Users\RUKN AL BAB\Documents\Homework\cse210-hw\week06\EternalQuest\EternalQuest.csproj]
C:\Users\RUKN AL BAB\Documents\Homework\cse210-hw\week06\EternalQuest\Program.cs(18,26): error CS0111: Type 'Goal' already defines a member called 'RecordEvent' with the same parameter types [C:\Users\RUKN AL BAB\Documents\Homework\cse210-hw\week06\EternalQuest\EternalQuest.csproj]
C:\Users\RUKN AL BAB\Documents\Homework\cse210-hw\week06\EternalQuest\Program.cs(19,26): error CS0111: Type 'Goal' already defines a member called 'IsComplete' with the same parameter types [C:\Users\RUKN AL BAB\Documents\Homework\cse210-hw\week06\EternalQuest\EternalQuest.csproj]
C:\Users\RUKN AL BAB\Documents\Homework\cse210-hw\week06\EternalQuest\Program.cs(20,28): error CS0111: Type 'Goal' already defines a member called 'GetStatus' with the same parameter types [C:\Users\RUKN AL BAB\Documents\Homework\cse210-hw\week06\EternalQuest\EternalQuest.csproj]
C:\Users\RUKN AL BAB\Documents\Homework\cse210-hw\week06\EternalQuest\Program.cs(21,28): error CS0111: Type 'Goal' already defines a member called 'GetSaveData' with the same parameter types [C:\Users\RUKN AL BAB\Documents\Homework\cse210-hw\week06\EternalQuest\EternalQuest.csproj]
C:\Users\RUKN AL BAB\Documents\Homework\cse210-hw\week06\EternalQuest\Program.cs(23,24): error CS0111: Type 'Goal' already defines a member called 'GetPoints' with the same parameter types [C:\Users\RUKN AL BAB\Documents\Homework\cse210-hw\week06\EternalQuest\EternalQuest.csproj]
C:\Users\RUKN AL BAB\Documents\Homework\cse210-hw\week06\EternalQuest\Program.cs(25,28): error CS0111: Type 'Goal' already defines a member called 'ToString' with the same parameter types [C:\Users\RUKN AL BAB\Documents\Homework\cse210-hw\week06\EternalQuest\EternalQuest.csproj]
C:\Users\RUKN AL BAB\Documents\Homework\cse210-hw\week06\EternalQuest\Program.cs(29,14): error CS0534: 'SimpleGoal' does not implement inherited abstract member 'Goal.GetStatus()' [C:\Users\RUKN AL BAB\Documents\Homework\cse210-hw\week06\EternalQuest\EternalQuest.csproj]
C:\Users\RUKN AL BAB\Documents\Homework\cse210-hw\week06\EternalQuest\Program.cs(29,14): error CS0534: 'SimpleGoal' does not implement inherited abstract member 'Goal.IsComplete()' [C:\Users\RUKN AL BAB\Documents\Homework\cse210-hw\week06\EternalQuest\EternalQuest.csproj]
C:\Users\RUKN AL BAB\Documents\Homework\cse210-hw\week06\EternalQuest\Program.cs(29,14): error CS0534: 'SimpleGoal' does not implement inherited abstract member 'Goal.RecordEvent()' [C:\Users\RUKN AL BAB\Documents\Homework\cse210-hw\week06\EternalQuest\EternalQuest.csproj]
C:\Users\RUKN AL BAB\Documents\Homework\cse210-hw\week06\EternalQuest\Program.cs(29,14): error CS0534: 'SimpleGoal' does not implement inherited abstract member 'Goal.GetSaveData()' [C:\Users\RUKN AL BAB\Documents\Homework\cse210-hw\week06\EternalQuest\EternalQuest.csproj]
C:\Users\RUKN AL BAB\Documents\Homework\cse210-hw\week06\EternalQuest\SimpleGoal.cs(5,12): error CS0111: Type 'SimpleGoal' already defines a member called 'SimpleGoal' with the same parameter types [C:\Users\RUKN AL BAB\Documents\Homework\cse210-hw\week06\EternalQuest\EternalQuest.csproj]
C:\Users\RUKN AL BAB\Documents\Homework\cse210-hw\week06\EternalQuest\SimpleGoal.cs(11,26): error CS0111: Type 'SimpleGoal' already defines a member called 'RecordEvent' with the same parameter types [C:\Users\RUKN AL BAB\Documents\Homework\cse210-hw\week06\EternalQuest\EternalQuest.csproj]
C:\Users\RUKN AL BAB\Documents\Homework\cse210-hw\week06\EternalQuest\SimpleGoal.cs(16,26): error CS0111: Type 'SimpleGoal' already defines a member called 'IsComplete' with the same parameter types [C:\Users\RUKN AL BAB\Documents\Homework\cse210-hw\week06\EternalQuest\EternalQuest.csproj]
C:\Users\RUKN AL BAB\Documents\Homework\cse210-hw\week06\EternalQuest\SimpleGoal.cs(18,28): error CS0111: Type 'SimpleGoal' already defines a member called 'GetStatus' with the same parameter types [C:\Users\RUKN AL BAB\Documents\Homework\cse210-hw\week06\EternalQuest\EternalQuest.csproj]
C:\Users\RUKN AL BAB\Documents\Homework\cse210-hw\week06\EternalQuest\SimpleGoal.cs(20,28): error CS0111: Type 'SimpleGoal' already defines a member called 'GetSaveData' with the same parameter types [C:\Users\RUKN AL BAB\Documents\Homework\cse210-hw\week06\EternalQuest\EternalQuest.csproj]
C:\Users\RUKN AL BAB\Documents\Homework\cse210-hw\week01\Exercise5\Program.cs(5,1): error CS8300: Merge conflict marker encountered [C:\Users\RUKN AL BAB\Documents\Homework\cse210-hw\week01\Exercise5\Exercise5.csproj]
C:\Users\RUKN AL BAB\Documents\Homework\cse210-hw\week01\Exercise5\Program.cs(11,1): error CS8300: Merge conflict marker encountered [C:\Users\RUKN AL BAB\Documents\Homework\cse210-hw\week01\Exercise5\Exercise5.csproj]
C:\Users\RUKN AL BAB\Documents\Homework\cse210-hw\week01\Exercise5\Program.cs(61,1): error CS8300: Merge conflict marker encountered [C:\Users\RUKN AL BAB\Documents\Homework\cse210-hw\week01\Exercise5\Exercise5.csproj]
C:\Users\RUKN AL BAB\Documents\Homework\cse210-hw\week05\Mindfulness\week01\Exercise2\Program.cs(5,1): error CS8300: Merge conflict marker encountered [C:\Users\RUKN AL BAB\Documents\Homework\cse210-hw\week05\Mindfulness\Mindfulness.csproj]
C:\Users\RUKN AL BAB\Documents\Homework\cse210-hw\week05\Mindfulness\week01\Exercise2\Program.cs(11,1): error CS8300: Merge conflict marker encountered [C:\Users\RUKN AL BAB\Documents\Homework\cse210-hw\week05\Mindfulness\Mindfulness.csproj]
C:\Users\RUKN AL BAB\Documents\Homework\cse210-hw\week05\Mindfulness\week01\Exercise2\Program.cs(79,1): error CS8300: Merge conflict marker encountered [C:\Users\RUKN AL BAB\Documents\Homework\cse210-hw\week05\Mindfulness\Mindfulness.csproj]
C:\Users\RUKN AL BAB\Documents\Homework\cse210-hw\week05\Mindfulness\week01\Exercise3\Program.cs(5,1): error CS8300: Merge conflict marker encountered [C:\Users\RUKN AL BAB\Documents\Homework\cse210-hw\week05\Mindfulness\Mindfulness.csproj]
C:\Users\RUKN AL BAB\Documents\Homework\cse210-hw\week05\Mindfulness\week01\Exercise3\Program.cs(11,1): error CS8300: Merge conflict marker encountered [C:\Users\RUKN AL BAB\Documents\Homework\cse210-hw\week05\Mindfulness\Mindfulness.csproj]
C:\Users\RUKN AL BAB\Documents\Homework\cse210-hw\week05\Mindfulness\week01\Exercise3\Program.cs(63,1): error CS8300: Merge conflict marker encountered [C:\Users\RUKN AL BAB\Documents\Homework\cse210-hw\week05\Mindfulness\Mindfulness.csproj]
C:\Users\RUKN AL BAB\Documents\Homework\cse210-hw\week05\Mindfulness\week01\Exercise4\Program.cs(2,1): error CS8300: Merge conflict marker encountered [C:\Users\RUKN AL BAB\Documents\Homework\cse210-hw\week05\Mindfulness\Mindfulness.csproj]
C:\Users\RUKN AL BAB\Documents\Homework\cse210-hw\week05\Mindfulness\week01\Exercise4\Program.cs(11,1): error CS8300: Merge conflict marker encountered [C:\Users\RUKN AL BAB\Documents\Homework\cse210-hw\week05\Mindfulness\Mindfulness.csproj]
C:\Users\RUKN AL BAB\Documents\Homework\cse210-hw\week05\Mindfulness\week01\Exercise4\Program.cs(92,1): error CS8300: Merge conflict marker encountered [C:\Users\RUKN AL BAB\Documents\Homework\cse210-hw\week05\Mindfulness\Mindfulness.csproj]
C:\Users\RUKN AL BAB\Documents\Homework\cse210-hw\week05\Mindfulness\week01\Exercise5\Program.cs(5,1): error CS8300: Merge conflict marker encountered [C:\Users\RUKN AL BAB\Documents\Homework\cse210-hw\week05\Mindfulness\Mindfulness.csproj]
C:\Users\RUKN AL BAB\Documents\Homework\cse210-hw\week05\Mindfulness\week01\Exercise5\Program.cs(11,1): error CS8300: Merge conflict marker encountered [C:\Users\RUKN AL BAB\Documents\Homework\cse210-hw\week05\Mindfulness\Mindfulness.csproj]
C:\Users\RUKN AL BAB\Documents\Homework\cse210-hw\week05\Mindfulness\week01\Exercise5\Program.cs(61,1): error CS8300: Merge conflict marker encountered [C:\Users\RUKN AL BAB\Documents\Homework\cse210-hw\week05\Mindfulness\Mindfulness.csproj]
    0 Warning(s)
    66 Error(s)

Time Elapsed 00:00:03.15
